M1 bars      : 1,790,797
range        : 2021-08-01 22:00:00+00:00  ->  2026-08-19 11:26:00+00:00
high<low     : 0
ask<bid      : 0
non-positive : 0
spread       : min 0.001  median 0.390  p99 1.100  max 14.740
gaps >2h     : 299 total, 280 weekend, 19 inside the week
   2021-11-25 17:58:00+00:00  ->  2021-11-25 23:18:00+00:00   (0 days 05:20:00)
   2021-12-23 21:58:00+00:00  ->  2021-12-26 23:00:00+00:00   (3 days 01:02:00)
   2022-04-14 20:58:00+00:00  ->  2022-04-17 22:00:00+00:00   (3 days 01:02:00)
   2022-11-24 19:28:00+00:00  ->  2022-11-24 23:00:00+00:00   (0 days 03:32:00)
   2023-04-06 20:58:00+00:00  ->  2023-04-09 22:00:00+00:00   (3 days 01:02:00)
   2023-07-04 18:28:00+00:00  ->  2023-07-04 22:00:00+00:00   (0 days 03:32:00)
   2023-11-23 18:28:00+00:00  ->  2023-11-23 23:00:00+00:00   (0 days 04:32:00)
   2024-03-28 20:58:00+00:00  ->  2024-03-31 22:00:00+00:00   (3 days 01:02:00)
   2024-06-19 18:29:00+00:00  ->  2024-06-19 22:00:00+00:00   (0 days 03:31:00)
   2024-07-04 18:29:00+00:00  ->  2024-07-04 22:00:00+00:00   (0 days 03:31:00)
   2024-11-28 19:28:00+00:00  ->  2024-11-28 23:00:00+00:00   (0 days 03:32:00)
   2024-12-24 18:43:00+00:00  ->  2024-12-25 23:00:00+00:00   (1 days 04:17:00)
   2024-12-31 21:58:00+00:00  ->  2025-01-01 23:00:00+00:00   (1 days 01:02:00)
   2025-04-17 20:58:00+00:00  ->  2025-04-20 22:00:00+00:00   (3 days 01:02:00)
   2025-06-19 18:28:00+00:00  ->  2025-06-19 22:00:00+00:00   (0 days 03:32:00)

trading days per year:
ts
2021    131
2022    310
2023    309
2024    313
2025    312
2026    197

M15 119,437   H4 8,079   D1 1,572

15m bars by session:
session
off        47296
newyork    27826
london     25722
overlap    18593

no structural problems found
